Script started on Fri 29 May 2015 06:18:46 PM PDT
~
skama004@hammer $ ls
[0m[01;34mbin[0m/   [01;34mCS100[0m/    [01;34mDocuments[0m/  [01;34mMusic[0m/     [01;34mPublic[0m/     [01;34mVideos[0m/
[01;34mCS10[0m/  [01;34mDesktop[0m/  [01;34mDownloads[0m/  [01;34mPictures[0m/  [01;34mTemplates[0m/
[m~
skama004@hammer $ cd CS100
~/CS100
skama004@hammer $ ls
[0m[01;34mfirstrepo[0m/  [01;34mgit-game[0m/  [01;34mlabs[0m/  [01;34mrshell[0m/  [01;34mrshell-1[0m/  vimrc  [01;34myao[0m/
[m~/CS100
skama004@hammer $ cd rshell
~/CS100/rshell
skama004@hammer $ ls
LICENSE  Makefile  README.md  signals.script  [0m[01;34msrc[0m/  [01;34mtest[0m/
[m~/CS100/rshell
skama004@hammer $ make
g++ -g -Wall -Werror -ansi -pedantic src/main.cpp -o bin/rshell
g++ -g -Wall -Werror -ansi -pedantic src/ls.cpp -o bin/ls
g++ -g -Wall -Werror -ansi -pedantic src/cp.cpp -o bin/cp
~/CS100/rshell
skama004@hammer $ bin/rse[Khell
skama004@hammer~/CS100/rshell $ ls  # b  begin testing for CD  cd
skama004@hammer~/CS100/rshell $ cd
/home/csmajs/skama004/CS100/rshell
/home/csmajs/skama004
skama004@hammer~ $ cd -
do_ypcall: clnt_call: RPC: Unable to send; errno = Operation not permitted
skama004@hammer~/CS100/rshell $ l cd    cd src
skama004@hammer~/CS100/rshell/src $ cd ..
skama004@hammer~/CS100/rshell $ cd ..
skama004@hammer~/CS100 $ cd rshell/src
do_ypcall: clnt_call: RPC: Unable to send; errno = Operation not permitted
skama004@hammer~/CS100/rshell/src $ cd
/home/csmajs/skama004/CS100/rshell/src
/home/csmajs/skama004
do_ypcall: clnt_call: RPC: Unable to send; errno = Operation not permitted
skama004@hammer~ $ cd -
do_ypcall: clnt_call: RPC: Unable to send; errno = Operation not permitted
do_ypcall: clnt_call: RPC: Unable to send; errno = Operation not permitted
skama004@hammer~/CS100/rshell/src $ cd
/home/csmajs/skama004/CS100/rshell/src
/home/csmajs/skama004
do_ypcall: clnt_call: RPC: Unable to send; errno = Operation not permitted
skama004@hammer~ $ val;gr   grind --leak-check=yes bin/rshell
valgrind: bin/rshell: No such file or directory
skama004@hammer~ $ cd    cd  ls
bin   CS100    Documents  Music     Public     Videos
CS10  Desktop  Downloads  Pictures  Templates
skama004@hammer~ $ cd CS01  100/rshell
skama004@hammer~/CS100/rshell $ ls
bin  LICENSE  Makefile	README.md  signals.script  src	test
skama004@hammer~/CS100/rshell $ [A[A[A[B[B[Bvalgrind ==;e    --leak-check=yes bin/rshell
Error w/ execvp: No such file or directory
skama004@hammer~/CS100/rshell $ ex  cd src
skama004@hammer~/CS100/rshell/src $ cd ..
do_ypcall: clnt_call: RPC: Unable to send; errno = Operation not permitted
skama004@hammer~/CS100/rshell $ cd 
/home/csmajs/skama004/CS100/rshell
/home/csmajs/skama004
do_ypcall: clnt_call: RPC: Unable to send; errno = Operation not permitted
do_ypcall: clnt_call: RPC: Unable to send; errno = Operation not permitted
skama004@hammer~ $ cd -
do_ypcall: clnt_call: RPC: Unable to send; errno = Operation not permitted
do_ypcall: clnt_call: RPC: Unable to send; errno = Operation not permitted
do_ypcall: clnt_call: RPC: Unable to send; errno = Operation not permitted
do_ypcall: clnt_call: RPC: Unable to send; errno = Operation not permitted
skama004@hammer~/CS100/rshell $ cd -  
/home/csmajs/skama004/CS100/rshell
/home/csmajs/skama004
skama004@hammer~ $ cd -
skama004@hammer~/CS100/rshell $ cd -
skama004@hammer~ $ cd ..
skama004@hammer/home/csmajs $ cd ..
do_ypcall: clnt_call: RPC: Unable to send; errno = Operation not permitted
skama004@hammer/home $ cd -
skama004@hammer/home/csmajs $ c d  d -
skama004@hammer/home $ exit
~/CS100/rshell
skama004@hammer $ exit
exit

Script done on Fri 29 May 2015 06:23:18 PM PDT
